// Jest Snapshot v1, https://goo.gl/fbAQLP

exports[`test  CounterButton component CouterButtton rendering 1`] = `
<button
  id="counter"
  onClick={[Function]}
  style={
    Object {
      "color": undefined,
    }
  }
>
  Clicked 
  0
   times
</button>
`;
